app/api/auth/forgot-password/route.ts(23,35): error TS2339: Property 'user' does not exist on type 'PrismaClient<PrismaClientOptions, never, DefaultArgs>'.
app/api/auth/forgot-password/route.ts(44,22): error TS2339: Property 'user' does not exist on type 'PrismaClient<PrismaClientOptions, never, DefaultArgs>'.
app/api/auth/register/route.ts(22,43): error TS2339: Property 'user' does not exist on type 'PrismaClient<PrismaClientOptions, never, DefaultArgs>'.
app/api/auth/register/route.ts(41,30): error TS2339: Property 'user' does not exist on type 'PrismaClient<PrismaClientOptions, never, DefaultArgs>'.
app/api/auth/register/route.ts(67,35): error TS2339: Property 'user' does not exist on type 'PrismaClient<PrismaClientOptions, never, DefaultArgs>'.
app/api/auth/reset-password/route.ts(22,35): error TS2339: Property 'user' does not exist on type 'PrismaClient<PrismaClientOptions, never, DefaultArgs>'.
app/api/auth/reset-password/route.ts(42,22): error TS2339: Property 'user' does not exist on type 'PrismaClient<PrismaClientOptions, never, DefaultArgs>'.
app/api/auth/validate-reset-token/route.ts(14,35): error TS2339: Property 'user' does not exist on type 'PrismaClient<PrismaClientOptions, never, DefaultArgs>'.
app/checkout/[hash]/page.tsx(146,13): error TS2739: Type '{ primaryColor: any; backgroundColor: any; textColor: any; logoUrl: any; timerEnabled: any; timerDuration: any; askPhone: any; askCpf: any; socialProofEnabled: any; showBanner: any; bannerImages: any; youtubeVideoId: any; backRedirect: any; backRedirectMessage: any; }' is missing the following properties from type 'CheckoutConfig': borderRadius, boxShadow
components/members/video-player.tsx(8,42): error TS2307: Cannot find module 'react-player/lazy' or its corresponding type declarations.
components/members/video-player.tsx(32,17): error TS2322: Type '{ url: string; width: string; height: string; playing: boolean; controls: boolean; onEnded: (() => void) | undefined; onPlay: () => void; onPause: () => void; config: { youtube: { playerVars: { showinfo: number; modestbranding: number; rel: number; playsinline: number; origin: string; }; }; }; }' is not assignable to type 'IntrinsicAttributes'.
  Property 'url' does not exist on type 'IntrinsicAttributes'.
lib/email.ts(42,34): error TS2339: Property 'config' does not exist on type 'PrismaClient<PrismaClientOptions, never, DefaultArgs>'.
lib/email.ts(58,55): error TS7006: Parameter 'c' implicitly has an 'any' type.
lib/email.ts(94,38): error TS2339: Property 'config' does not exist on type 'PrismaClient<PrismaClientOptions, never, DefaultArgs>'.
lib/email.ts(102,59): error TS7006: Parameter 'c' implicitly has an 'any' type.
lib/email.ts(128,45): error TS2339: Property 'config' does not exist on type 'PrismaClient<PrismaClientOptions, never, DefaultArgs>'.
lib/email.ts(132,44): error TS2339: Property 'config' does not exist on type 'PrismaClient<PrismaClientOptions, never, DefaultArgs>'.
lib/email.ts(140,41): error TS2339: Property 'systemConfig' does not exist on type 'PrismaClient<PrismaClientOptions, never, DefaultArgs>'.
lib/email.ts(361,18): error TS2551: Property 'emailQueue' does not exist on type 'PrismaClient<PrismaClientOptions, never, DefaultArgs>'. Did you mean 'email_queue'?
lib/email.ts(375,40): error TS2551: Property 'emailQueue' does not exist on type 'PrismaClient<PrismaClientOptions, never, DefaultArgs>'. Did you mean 'email_queue'?
lib/email.ts(384,22): error TS2551: Property 'emailQueue' does not exist on type 'PrismaClient<PrismaClientOptions, never, DefaultArgs>'. Did you mean 'email_queue'?
lib/email.ts(395,22): error TS2551: Property 'emailQueue' does not exist on type 'PrismaClient<PrismaClientOptions, never, DefaultArgs>'. Did you mean 'email_queue'?
lib/gateways/index.ts(33,36): error TS2339: Property 'createPixPayment' does not exist on type 'typeof import("C:/Users/lenom/OneDrive/\u00C1rea de Trabalho/C\u00F3digo Fonte/checkout-nextjs/lib/gateways/mercadopago")'.
lib/gateways/index.ts(38,36): error TS2339: Property 'createCardPayment' does not exist on type 'typeof import("C:/Users/lenom/OneDrive/\u00C1rea de Trabalho/C\u00F3digo Fonte/checkout-nextjs/lib/gateways/mercadopago")'.
lib/gateways/index.ts(43,36): error TS2339: Property 'createBoletoPayment' does not exist on type 'typeof import("C:/Users/lenom/OneDrive/\u00C1rea de Trabalho/C\u00F3digo Fonte/checkout-nextjs/lib/gateways/mercadopago")'.
lib/gateways/index.ts(51,34): error TS2339: Property 'createPixPayment' does not exist on type 'typeof import("C:/Users/lenom/OneDrive/\u00C1rea de Trabalho/C\u00F3digo Fonte/checkout-nextjs/lib/gateways/pushinpay")'.
lib/gateways/index.ts(83,32): error TS2339: Property 'getPaymentStatus' does not exist on type 'typeof import("C:/Users/lenom/OneDrive/\u00C1rea de Trabalho/C\u00F3digo Fonte/checkout-nextjs/lib/gateways/mercadopago")'.
lib/gateways/index.ts(89,44): error TS2339: Property 'getPaymentStatus' does not exist on type 'typeof import("C:/Users/lenom/OneDrive/\u00C1rea de Trabalho/C\u00F3digo Fonte/checkout-nextjs/lib/gateways/pushinpay")'.
lib/gateways/index.ts(93,40): error TS2339: Property 'normalizeStatus' does not exist on type 'typeof import("C:/Users/lenom/OneDrive/\u00C1rea de Trabalho/C\u00F3digo Fonte/checkout-nextjs/lib/gateways/pushinpay")'.
prisma/reset-password.ts(1,9): error TS2451: Cannot redeclare block-scoped variable 'PrismaClient'.
prisma/reset-password.ts(2,7): error TS2451: Cannot redeclare block-scoped variable 'crypto'.
prisma/reset-password.ts(3,7): error TS2451: Cannot redeclare block-scoped variable 'prisma'.
prisma/reset-password.ts(5,16): error TS2393: Duplicate function implementation.
prisma/reset-password.ts(22,22): error TS7006: Parameter 'email' implicitly has an 'any' type.
prisma/reset-password.ts(24,35): error TS2339: Property 'createHash' does not exist on type 'Crypto'.
prisma/seed-access.ts(1,9): error TS2451: Cannot redeclare block-scoped variable 'PrismaClient'.
prisma/seed-access.ts(2,7): error TS2451: Cannot redeclare block-scoped variable 'crypto'.
prisma/seed-access.ts(3,7): error TS2451: Cannot redeclare block-scoped variable 'prisma'.
prisma/seed-access.ts(5,16): error TS2393: Duplicate function implementation.
prisma/seed-access.ts(46,34): error TS2339: Property 'createHash' does not exist on type 'Crypto'.
prisma/seed-course.ts(1,9): error TS2451: Cannot redeclare block-scoped variable 'PrismaClient'.
prisma/seed-course.ts(2,7): error TS2451: Cannot redeclare block-scoped variable 'prisma'.
prisma/seed-course.ts(4,16): error TS2393: Duplicate function implementation.
scripts/diagnose-auth.ts(2,9): error TS2451: Cannot redeclare block-scoped variable 'PrismaClient'.
scripts/diagnose-auth.ts(5,7): error TS2451: Cannot redeclare block-scoped variable 'prisma'.
scripts/diagnose-auth.ts(7,25): error TS7006: Parameter 'email' implicitly has an 'any' type.
scripts/diagnose-auth.ts(7,32): error TS7006: Parameter 'password' implicitly has an 'any' type.
scripts/diagnose-auth.ts(42,16): error TS2393: Duplicate function implementation.
